C51 COMPILER V9.52.0.0   MAIN                                                              03/27/2023 23:49:15 PAGE 1   


C51 COMPILER V9.52.0.0, COMPILATION OF MODULE MAIN
OBJECT MODULE PLACED IN main.OBJ
COMPILER INVOKED BY: C:\Keil\C51\BIN\C51.EXE main.c BROWSE DEBUG OBJECTEXTEND TABS(2)

line level    source

   1          #include "main.h" 
   2          #include "..\lib\delay.h"
   3          
   4          #define LED_PORT P2
   5          sbit LEDG1_PIN = P3^0; 
   6          sbit LEDG2_PIN = P3^1; 
   7          sbit LEDP1_PIN = P3^2; 
   8          sbit LEDP2_PIN = P3^3; 
   9          sbit LEDGY1_PIN = P3^4;
  10          sbit LEDGY2_PIN = P3^5;
  11          
  12          unsigned char code Code7Seg[] = {0xC0, 0xF9, 0xA4, 0xB0, 0x99, 0x92, 0x82, 0xF8, 0x80, 0x90};
  13          void main() {
  14   1        unsigned char gio,phut,giay; 
  15   1        unsigned char chuc, dvi; 
  16   1        unsigned char i; 
  17   1        gio = phut = giay = 0; 
  18   1        
  19   1      while (1){
  20   2        // HIEN THI GIO 
  21   2        for (i = 0; i < 166; i++){
  22   3        chuc = gio/10; 
  23   3        dvi = gio%10; 
  24   3        LED_PORT = Code7Seg[chuc]; 
  25   3        LEDG1_PIN = 0; 
  26   3        delay(1); 
  27   3        LEDG1_PIN = 1 ;
  28   3        
  29   3        LED_PORT = Code7Seg[dvi];
  30   3        LEDG2_PIN = 0; 
  31   3        delay(1); 
  32   3        LEDG2_PIN = 1 ;
  33   3        
  34   3        //hien thi phut
  35   3        chuc = phut/10; 
  36   3        dvi = phut%10; 
  37   3        LED_PORT = Code7Seg[chuc]; 
  38   3        LEDP1_PIN = 0; 
  39   3        delay(1); 
  40   3        LEDP1_PIN = 1 ;
  41   3        
  42   3        LED_PORT = Code7Seg[dvi];
  43   3        LEDP2_PIN = 0; 
  44   3        delay(1); 
  45   3        LEDP2_PIN = 1 ;
  46   3        
  47   3        // HIEN THI GIAY 
  48   3        chuc = giay/10; 
  49   3        dvi = giay%10; 
  50   3        LED_PORT = Code7Seg[chuc]; 
  51   3        LEDGY1_PIN = 0; 
  52   3        delay(1); 
  53   3        LEDGY1_PIN = 1 ;
  54   3        
  55   3        
C51 COMPILER V9.52.0.0   MAIN                                                              03/27/2023 23:49:15 PAGE 2   

  56   3        LED_PORT = Code7Seg[dvi];
  57   3        LEDGY2_PIN = 0; 
  58   3        delay(1); 
  59   3        LEDGY2_PIN = 1 ;}
  60   2        // tang giay len 1
  61   2        giay++; 
  62   2        if (giay == 60){
  63   3      giay = 0; 
  64   3          phut++;
  65   3          if (phut == 60){
  66   4      phut = 0; 
  67   4      gio++; 
  68   4      if (gio == 24){
  69   5      gio = 0; 
  70   5      }}
  71   3      }
  72   2        }
  73   1        }


MODULE INFORMATION:   STATIC OVERLAYABLE
   CODE SIZE        =    229    ----
   CONSTANT SIZE    =     10    ----
   XDATA SIZE       =   ----    ----
   PDATA SIZE       =   ----    ----
   DATA SIZE        =   ----       6
   IDATA SIZE       =   ----    ----
   BIT SIZE         =   ----    ----
END OF MODULE INFORMATION.


C51 COMPILATION COMPLETE.  0 WARNING(S),  0 ERROR(S)
