C51 COMPILER V9.52.0.0   MAIN                                                              04/06/2023 23:41:46 PAGE 1   


C51 COMPILER V9.52.0.0, COMPILATION OF MODULE MAIN
OBJECT MODULE PLACED IN main.OBJ
COMPILER INVOKED BY: C:\Keil\C51\BIN\C51.EXE main.c BROWSE DEBUG OBJECTEXTEND TABS(2)

line level    source

   1          #include "main.h" 
   2          #include "port.h" 
   3          #include "..\lib\Soft_I2c.h"
   4          #include "..\lib\delay.h"
   5          #include "..\lib\Lcd4.h" 
   6          #include "..\lib\Rtc_Ds1307.h"
   7          #include "..\lib\LunarCalendar.h"
   8          unsigned char * code Days[] = {"SUN", "MON", "TUE" , "WEN", "THU" , "FRI", "SAT"};
   9          void main() {
  10   1        unsigned char Hour , Minute ,Mode, Second,Day,Date,Month,Year, old_second; 
  11   1        unsigned char SolarDate, SolarMonth; 
  12   1        char SolarYear; 
  13   1        
  14   1        Soft_I2c_Init();
  15   1        Ds1307_Init(); 
  16   1        Lcd_Init(); 
  17   1        
  18   1        Ds1307_Write(0x07,0x10); 
  19   1        // NGAT CANH XUONG 
  20   1        IT1 = 1; 
  21   1        // cho phep ngat 
  22   1        EX1 = 1; 
  23   1        // cho phep ngat toan cuc 
  24   1        EA = 1; 
  25   1        while (1){
  26   2        Ds1307_Read_Time(&Hour, &Minute, &Second, &Mode); 
  27   2        Lcd_Chr(1,5,Hour/10+0x30);
  28   2        Lcd_Chr_Cp(Hour%10 + 0x30); 
  29   2        Lcd_Chr_Cp(':');
  30   2        Lcd_Chr_Cp(Second/10+0x30); 
  31   2        Lcd_Chr_Cp(Second%10+0x30); 
  32   2          
  33   2          Ds1307_Read_Date(&Day, &Date,&Month, &Year); 
  34   2          if(BTN == 1){
  35   3          Lcd_Chr(2,1,' ');
  36   3          Lcd_Out(2,2,Days[Day - 1]); 
  37   3          Lcd_Chr_Cp(' '); 
  38   3          Lcd_Chr_Cp(Date/10+0x30); 
  39   3        Lcd_Chr_Cp(Date%10+0x30); 
  40   3          Lcd_Chr_Cp('/'); 
  41   3          Lcd_Chr_Cp(Month/10+0x30); 
  42   3        Lcd_Chr_Cp(Month%10+0x30); 
  43   3          Lcd_Out_Cp("/20"); 
  44   3          Lcd_Chr_Cp(Year/10+0x30); 
  45   3        Lcd_Chr_Cp(Year%10+0x30); 
  46   3          }
  47   2          else {
  48   3      Solar2Lunar(Date, Month, Year, &SolarDate, &SolarMonth, &SolarYear);
  49   3      Lcd_Out(2,1,"LUNAR"); 
  50   3      Lcd_Chr_Cp(SolarDate/10+0x30); 
  51   3      Lcd_Chr_Cp(SolarDate%10+0x30); 
  52   3      Lcd_Chr_Cp('/'); 
  53   3      Lcd_Chr_Cp(SolarMonth/10+0x30); 
  54   3      Lcd_Chr_Cp(SolarMonth%10+0x30); 
  55   3      Lcd_Chr_Cp('/'); 
C51 COMPILER V9.52.0.0   MAIN                                                              04/06/2023 23:41:46 PAGE 2   

  56   3      Lcd_Chr_Cp((Year+2000)/1000+0x30); 
  57   3      Lcd_Chr_Cp((Year+2000)/100%10+0x30); 
  58   3      Lcd_Chr_Cp((Year+2000)/10%10+0x30); 
  59   3      Lcd_Chr_Cp((Year+2000)%10+0x30); 
  60   3      }
  61   2      PCON |= 0x01; // nghi lam viec khoang vai tram ms 
  62   2        }
  63   1        }
*** WARNING C280 IN LINE 10 OF main.c: 'old_second': unreferenced local variable
  64            // interrupt service routine 
  65            void EX1_ISR(void) interrupt 2 {
  66   1      
  67   1      }


MODULE INFORMATION:   STATIC OVERLAYABLE
   CODE SIZE        =    521    ----
   CONSTANT SIZE    =     59    ----
   XDATA SIZE       =   ----    ----
   PDATA SIZE       =   ----    ----
   DATA SIZE        =   ----      12
   IDATA SIZE       =   ----    ----
   BIT SIZE         =   ----    ----
END OF MODULE INFORMATION.


C51 COMPILATION COMPLETE.  1 WARNING(S),  0 ERROR(S)
