C51 COMPILER V9.52.0.0   MAIN                                                              04/10/2023 10:32:03 PAGE 1   


C51 COMPILER V9.52.0.0, COMPILATION OF MODULE MAIN
OBJECT MODULE PLACED IN main.OBJ
COMPILER INVOKED BY: C:\Keil\C51\BIN\C51.EXE main.c BROWSE DEBUG OBJECTEXTEND TABS(2)

line level    source

   1          #include "main.h" 
   2          #include "..\lib\delay.h"
   3          void Delay_ms_Timer0(unsigned int t){
   4   1        do{
   5   2        TL0 = 0x18; 
   6   2        TH0 = 0xFC; 
   7   2        TR0 = 1; //timer 0 bat dau dem 
   8   2      
   9   2          while(!TF0);
  10   2        TR0 = 0; // Timer0 ngung dem }
  11   2          TF0 = 0;
  12   2        t--;
  13   2      }
  14   1        while(t!=0);
  15   1      }
  16          
  17          void main() {
  18   1        //chon mode cho T0
  19   1        TMOD &= 0xF0; // xoa cac bit dieu khien thanh ghi TMOD cua T0
  20   1        TMOD |= 0x01; 
  21   1        
  22   1      while (1){
  23   2        P2_0 = !P2_0;
  24   2        Delay_ms_Timer0(1000);
  25   2        }
  26   1        }


MODULE INFORMATION:   STATIC OVERLAYABLE
   CODE SIZE        =     42    ----
   CONSTANT SIZE    =   ----    ----
   XDATA SIZE       =   ----    ----
   PDATA SIZE       =   ----    ----
   DATA SIZE        =   ----    ----
   IDATA SIZE       =   ----    ----
   BIT SIZE         =   ----    ----
END OF MODULE INFORMATION.


C51 COMPILATION COMPLETE.  0 WARNING(S),  0 ERROR(S)
