C51 COMPILER V9.52.0.0   KEYPAD4X4                                                         03/28/2023 00:13:38 PAGE 1   


C51 COMPILER V9.52.0.0, COMPILATION OF MODULE KEYPAD4X4
OBJECT MODULE PLACED IN .\KeyPad4x4.obj
COMPILER INVOKED BY: C:\Keil\C51\BIN\C51.EXE ..\lib\KeyPad4x4.c BROWSE DEBUG OBJECTEXTEND PRINT(.\KeyPad4x4.lst) TABS(2)
                    - OBJECT(.\KeyPad4x4.obj)

line level    source

   1          #include "KeyPad4x4.h"
   2          #include "main.h"
   3          #include "port.h"
   4          unsigned char KeyPress(){
   5   1      unsigned char key = 0; 
   6   1        // cho cot 1 = 0 
   7   1        COL1 = 0; 
   8   1        // kiem tra lan luot cac hang 
   9   1        if (ROW1 == 0) key = 1; 
  10   1        if (ROW2 == 0) key = 2; 
  11   1        if (ROW3 == 0) key = 3; 
  12   1        if (ROW4 == 0) key = 4; 
  13   1        COL1 = 1; 
  14   1        
  15   1        COL2 = 0; 
  16   1        if (ROW1 == 0) key = 5; 
  17   1        if (ROW2 == 0) key = 6; 
  18   1        if (ROW3 == 0) key = 7; 
  19   1        if (ROW4 == 0) key = 8;
  20   1        COL2 = 1; 
  21   1        
  22   1        COL3 = 0; 
  23   1        if (ROW1 == 0) key = 9; 
  24   1        if (ROW2 == 0) key = 10; 
  25   1        if (ROW3 == 0) key = 11; 
  26   1        if (ROW4 == 0) key = 12;
  27   1        COL3 = 1; 
  28   1        
  29   1        COL4 = 0; 
  30   1          if (ROW1 == 0) key = 13; 
  31   1        if (ROW2 == 0) key = 14; 
  32   1        if (ROW3 == 0) key = 15; 
  33   1        if (ROW4 == 0) key = 16;
  34   1        COL4 = 1; 
  35   1        return key; 
  36   1      }


MODULE INFORMATION:   STATIC OVERLAYABLE
   CODE SIZE        =     98    ----
   CONSTANT SIZE    =   ----    ----
   XDATA SIZE       =   ----    ----
   PDATA SIZE       =   ----    ----
   DATA SIZE        =   ----    ----
   IDATA SIZE       =   ----    ----
   BIT SIZE         =   ----    ----
END OF MODULE INFORMATION.


C51 COMPILATION COMPLETE.  0 WARNING(S),  0 ERROR(S)
